Archive member included to satisfy reference by file (symbol)

C:/ST/STM32CubeIDE_1.16.1/STM32CubeIDE/plugins/com.st.stm32cube.ide.mcu.externaltools.gnu-tools-for-stm32.12.3.rel1.win32_1.0.200.202406191623/tools/bin/../lib/gcc/arm-none-eabi/12.3.1/../../../../arm-none-eabi/lib/thumb/v7-m/nofp\libc_nano.a(libc_a-exit.o)
                              C:/ST/STM32CubeIDE_1.16.1/STM32CubeIDE/plugins/com.st.stm32cube.ide.mcu.externaltools.gnu-tools-for-stm32.12.3.rel1.win32_1.0.200.202406191623/tools/bin/../lib/gcc/arm-none-eabi/12.3.1/../../../../arm-none-eabi/lib/thumb/v7-m/nofp/crt0.o (exit)
C:/ST/STM32CubeIDE_1.16.1/STM32CubeIDE/plugins/com.st.stm32cube.ide.mcu.externaltools.gnu-tools-for-stm32.12.3.rel1.win32_1.0.200.202406191623/tools/bin/../lib/gcc/arm-none-eabi/12.3.1/../../../../arm-none-eabi/lib/thumb/v7-m/nofp\libc_nano.a(libc_a-findfp.o)
                              C:/ST/STM32CubeIDE_1.16.1/STM32CubeIDE/plugins/com.st.stm32cube.ide.mcu.externaltools.gnu-tools-for-stm32.12.3.rel1.win32_1.0.200.202406191623/tools/bin/../lib/gcc/arm-none-eabi/12.3.1/../../../../arm-none-eabi/lib/thumb/v7-m/nofp\libc_nano.a(libc_a-exit.o) (__stdio_exit_handler)
C:/ST/STM32CubeIDE_1.16.1/STM32CubeIDE/plugins/com.st.stm32cube.ide.mcu.externaltools.gnu-tools-for-stm32.12.3.rel1.win32_1.0.200.202406191623/tools/bin/../lib/gcc/arm-none-eabi/12.3.1/../../../../arm-none-eabi/lib/thumb/v7-m/nofp\libc_nano.a(libc_a-fwalk.o)
                              C:/ST/STM32CubeIDE_1.16.1/STM32CubeIDE/plugins/com.st.stm32cube.ide.mcu.externaltools.gnu-tools-for-stm32.12.3.rel1.win32_1.0.200.202406191623/tools/bin/../lib/gcc/arm-none-eabi/12.3.1/../../../../arm-none-eabi/lib/thumb/v7-m/nofp\libc_nano.a(libc_a-findfp.o) (_fwalk_sglue)
C:/ST/STM32CubeIDE_1.16.1/STM32CubeIDE/plugins/com.st.stm32cube.ide.mcu.externaltools.gnu-tools-for-stm32.12.3.rel1.win32_1.0.200.202406191623/tools/bin/../lib/gcc/arm-none-eabi/12.3.1/../../../../arm-none-eabi/lib/thumb/v7-m/nofp\libc_nano.a(libc_a-stdio.o)
                              C:/ST/STM32CubeIDE_1.16.1/STM32CubeIDE/plugins/com.st.stm32cube.ide.mcu.externaltools.gnu-tools-for-stm32.12.3.rel1.win32_1.0.200.202406191623/tools/bin/../lib/gcc/arm-none-eabi/12.3.1/../../../../arm-none-eabi/lib/thumb/v7-m/nofp\libc_nano.a(libc_a-findfp.o) (__sread)
C:/ST/STM32CubeIDE_1.16.1/STM32CubeIDE/plugins/com.st.stm32cube.ide.mcu.externaltools.gnu-tools-for-stm32.12.3.rel1.win32_1.0.200.202406191623/tools/bin/../lib/gcc/arm-none-eabi/12.3.1/../../../../arm-none-eabi/lib/thumb/v7-m/nofp\libc_nano.a(libc_a-memset.o)
                              C:/ST/STM32CubeIDE_1.16.1/STM32CubeIDE/plugins/com.st.stm32cube.ide.mcu.externaltools.gnu-tools-for-stm32.12.3.rel1.win32_1.0.200.202406191623/tools/bin/../lib/gcc/arm-none-eabi/12.3.1/../../../../arm-none-eabi/lib/thumb/v7-m/nofp/crt0.o (memset)
C:/ST/STM32CubeIDE_1.16.1/STM32CubeIDE/plugins/com.st.stm32cube.ide.mcu.externaltools.gnu-tools-for-stm32.12.3.rel1.win32_1.0.200.202406191623/tools/bin/../lib/gcc/arm-none-eabi/12.3.1/../../../../arm-none-eabi/lib/thumb/v7-m/nofp\libc_nano.a(libc_a-closer.o)
                              C:/ST/STM32CubeIDE_1.16.1/STM32CubeIDE/plugins/com.st.stm32cube.ide.mcu.externaltools.gnu-tools-for-stm32.12.3.rel1.win32_1.0.200.202406191623/tools/bin/../lib/gcc/arm-none-eabi/12.3.1/../../../../arm-none-eabi/lib/thumb/v7-m/nofp\libc_nano.a(libc_a-stdio.o) (_close_r)
C:/ST/STM32CubeIDE_1.16.1/STM32CubeIDE/plugins/com.st.stm32cube.ide.mcu.externaltools.gnu-tools-for-stm32.12.3.rel1.win32_1.0.200.202406191623/tools/bin/../lib/gcc/arm-none-eabi/12.3.1/../../../../arm-none-eabi/lib/thumb/v7-m/nofp\libc_nano.a(libc_a-reent.o)
                              C:/ST/STM32CubeIDE_1.16.1/STM32CubeIDE/plugins/com.st.stm32cube.ide.mcu.externaltools.gnu-tools-for-stm32.12.3.rel1.win32_1.0.200.202406191623/tools/bin/../lib/gcc/arm-none-eabi/12.3.1/../../../../arm-none-eabi/lib/thumb/v7-m/nofp\libc_nano.a(libc_a-closer.o) (errno)
C:/ST/STM32CubeIDE_1.16.1/STM32CubeIDE/plugins/com.st.stm32cube.ide.mcu.externaltools.gnu-tools-for-stm32.12.3.rel1.win32_1.0.200.202406191623/tools/bin/../lib/gcc/arm-none-eabi/12.3.1/../../../../arm-none-eabi/lib/thumb/v7-m/nofp\libc_nano.a(libc_a-impure.o)
                              C:/ST/STM32CubeIDE_1.16.1/STM32CubeIDE/plugins/com.st.stm32cube.ide.mcu.externaltools.gnu-tools-for-stm32.12.3.rel1.win32_1.0.200.202406191623/tools/bin/../lib/gcc/arm-none-eabi/12.3.1/../../../../arm-none-eabi/lib/thumb/v7-m/nofp\libc_nano.a(libc_a-reent.o) (_impure_ptr)
C:/ST/STM32CubeIDE_1.16.1/STM32CubeIDE/plugins/com.st.stm32cube.ide.mcu.externaltools.gnu-tools-for-stm32.12.3.rel1.win32_1.0.200.202406191623/tools/bin/../lib/gcc/arm-none-eabi/12.3.1/../../../../arm-none-eabi/lib/thumb/v7-m/nofp\libc_nano.a(libc_a-lseekr.o)
[...]
Memory Configuration

Name             Origin             Length             Attributes
RAM              0x20000000         0x00005000         xrw
FLASH            0x08000000         0x00010000         xr
*default*        0x00000000         0xffffffff

Linker script and memory map

LOAD C:/ST/STM32CubeIDE_1.16.1/STM32CubeIDE/plugins/com.st.stm32cube.ide.mcu.externaltools.gnu-tools-for-stm32.12.3.rel1.win32_1.0.200.202406191623/tools/bin/../lib/gcc/arm-none-eabi/12.3.1/thumb/v7-m/nofp/crti.o
LOAD C:/ST/STM32CubeIDE_1.16.1/STM32CubeIDE/plugins/com.st.stm32cube.ide.mcu.externaltools.gnu-tools-for-stm32.12.3.rel1.win32_1.0.200.202406191623/tools/bin/../lib/gcc/arm-none-eabi/12.3.1/thumb/v7-m/nofp/crtbegin.o
LOAD C:/ST/STM32CubeIDE_1.16.1/STM32CubeIDE/plugins/com.st.stm32cube.ide.mcu.externaltools.gnu-tools-for-stm32.12.3.rel1.win32_1.0.200.202406191623/tools/bin/../lib/gcc/arm-none-eabi/12.3.1/../../../../arm-none-eabi/lib/thumb/v7-m/nofp/crt0.o
LOAD ./Core/Src/main.o
LOAD ./Core/Src/stm32_tm1637.o
LOAD ./Core/Src/stm32f1xx_hal_msp.o
LOAD ./Core/Src/stm32f1xx_it.o
LOAD ./Core/Src/syscalls.o
LOAD ./Core/Src/sysmem.o
LOAD ./Core/Src/system_stm32f1xx.o
LOAD ./Core/Src/tm1637.o
LOAD ./Core/Startup/startup_stm32f103c8tx.o
LOAD ./Drivers/STM32F1xx_HAL_Driver/Src/stm32f1xx_hal.o
LOAD ./Drivers/STM32F1xx_HAL_Driver/Src/stm32f1xx_hal_adc.o
LOAD ./Drivers/STM32F1xx_HAL_Driver/Src/stm32f1xx_hal_adc_ex.o
LOAD ./Drivers/STM32F1xx_HAL_Driver/Src/stm32f1xx_hal_cortex.o
LOAD ./Drivers/STM32F1xx_HAL_Driver/Src/stm32f1xx_hal_dma.o
LOAD ./Drivers/STM32F1xx_HAL_Driver/Src/stm32f1xx_hal_exti.o
LOAD ./Drivers/STM32F1xx_HAL_Driver/Src/stm32f1xx_hal_flash.o
LOAD ./Drivers/STM32F1xx_HAL_Driver/Src/stm32f1xx_hal_flash_ex.o
LOAD ./Drivers/STM32F1xx_HAL_Driver/Src/stm32f1xx_hal_gpio.o
LOAD ./Drivers/STM32F1xx_HAL_Driver/Src/stm32f1xx_hal_gpio_ex.o
LOAD ./Drivers/STM32F1xx_HAL_Driver/Src/stm32f1xx_hal_pwr.o
LOAD ./Drivers/STM32F1xx_HAL_Driver/Src/stm32f1xx_hal_rcc.o
LOAD ./Drivers/STM32F1xx_HAL_Driver/Src/stm32f1xx_hal_rcc_ex.o
LOAD ./Drivers/STM32F1xx_HAL_Driver/Src/stm32f1xx_hal_tim.o
LOAD ./Drivers/STM32F1xx_HAL_Driver/Src/stm32f1xx_hal_tim_ex.o
LOAD ./Drivers/STM32F1xx_HAL_Driver/Src/stm32f1xx_hal_uart.o
START GROUP
LOAD C:/ST/STM32CubeIDE_1.16.1/STM32CubeIDE/plugins/com.st.stm32cube.ide.mcu.externaltools.gnu-tools-for-stm32.12.3.rel1.win32_1.0.200.202406191623/tools/bin/../lib/gcc/arm-none-eabi/12.3.1/../../../../arm-none-eabi/lib/thumb/v7-m/nofp\libc_nano.a
LOAD C:/ST/STM32CubeIDE_1.16.1/STM32CubeIDE/plugins/com.st.stm32cube.ide.mcu.externaltools.gnu-tools-for-stm32.12.3.rel1.win32_1.0.200.202406191623/tools/bin/../lib/gcc/arm-none-eabi/12.3.1/../../../../arm-none-eabi/lib/thumb/v7-m/nofp\libm.a
END GROUP
START GROUP
LOAD C:/ST/STM32CubeIDE_1.16.1/STM32CubeIDE/plugins/com.st.stm32cube.ide.mcu.externaltools.gnu-tools-for-stm32.12.3.rel1.win32_1.0.200.202406191623/tools/bin/../lib/gcc/arm-none-eabi/12.3.1/thumb/v7-m/nofp\libgcc.a
LOAD C:/ST/STM32CubeIDE_1.16.1/STM32CubeIDE/plugins/com.st.stm32cube.ide.mcu.externaltools.gnu-tools-for-stm32.12.3.rel1.win32_1.0.200.202406191623/tools/bin/../lib/gcc/arm-none-eabi/12.3.1/../../../../arm-none-eabi/lib/thumb/v7-m/nofp\libc_nano.a
END GROUP
START GROUP
LOAD C:/ST/STM32CubeIDE_1.16.1/STM32CubeIDE/plugins/com.st.stm32cube.ide.mcu.externaltools.gnu-tools-for-stm32.12.3.rel1.win32_1.0.200.202406191623/tools/bin/../lib/gcc/arm-none-eabi/12.3.1/thumb/v7-m/nofp\libgcc.a
LOAD C:/ST/STM32CubeIDE_1.16.1/STM32CubeIDE/plugins/com.st.stm32cube.ide.mcu.externaltools.gnu-tools-for-stm32.12.3.rel1.win32_1.0.200.202406191623/tools/bin/../lib/gcc/arm-none-eabi/12.3.1/../../../../arm-none-eabi/lib/thumb/v7-m/nofp\libc_nano.a
LOAD C:/ST/STM32CubeIDE_1.16.1/STM32CubeIDE/plugins/com.st.stm32cube.ide.mcu.externaltools.gnu-tools-for-stm32.12.3.rel1.win32_1.0.200.202406191623/tools/bin/../lib/gcc/arm-none-eabi/12.3.1/../../../../arm-none-eabi/lib/thumb/v7-m/nofp\libnosys.a
END GROUP
START GROUP
LOAD C:/ST/STM32CubeIDE_1.16.1/STM32CubeIDE/plugins/com.st.stm32cube.ide.mcu.externaltools.gnu-tools-for-stm32.12.3.rel1.win32_1.0.200.202406191623/tools/bin/../lib/gcc/arm-none-eabi/12.3.1/thumb/v7-m/nofp\libgcc.a
LOAD C:/ST/STM32CubeIDE_1.16.1/STM32CubeIDE/plugins/com.st.stm32cube.ide.mcu.externaltools.gnu-tools-for-stm32.12.3.rel1.win32_1.0.200.202406191623/tools/bin/../lib/gcc/arm-none-eabi/12.3.1/../../../../arm-none-eabi/lib/thumb/v7-m/nofp\libc_nano.a
LOAD C:/ST/STM32CubeIDE_1.16.1/STM32CubeIDE/plugins/com.st.stm32cube.ide.mcu.externaltools.gnu-tools-for-stm32.12.3.rel1.win32_1.0.200.202406191623/tools/bin/../lib/gcc/arm-none-eabi/12.3.1/../../../../arm-none-eabi/lib/thumb/v7-m/nofp\libnosys.a
END GROUP
LOAD C:/ST/STM32CubeIDE_1.16.1/STM32CubeIDE/plugins/com.st.stm32cube.ide.mcu.externaltools.gnu-tools-for-stm32.12.3.rel1.win32_1.0.200.202406191623/tools/bin/../lib/gcc/arm-none-eabi/12.3.1/thumb/v7-m/nofp/crtend.o
LOAD C:/ST/STM32CubeIDE_1.16.1/STM32CubeIDE/plugins/com.st.stm32cube.ide.mcu.externaltools.gnu-tools-for-stm32.12.3.rel1.win32_1.0.200.202406191623/tools/bin/../lib/gcc/arm-none-eabi/12.3.1/thumb/v7-m/nofp/crtn.o
                0x20005000                        _estack = (ORIGIN (RAM) + LENGTH (RAM))
                0x00000200                        _Min_Heap_Size = 0x200
                0x00000400                        _Min_Stack_Size = 0x400

.isr_vector     0x08000000      0x10c
                0x08000000                        . = ALIGN (0x4)
 *(.isr_vector)
 .isr_vector    0x08000000      0x10c ./Core/Startup/startup_stm32f103c8tx.o
                0x08000000                g_pfnVectors
                0x0800010c                        . = ALIGN (0x4)

.text           0x08000110     0x512c
                0x08000110                        . = ALIGN (0x4)
 *(.text)
 .text          0x08000110       0x40 C:/ST/STM32CubeIDE_1.16.1/STM32CubeIDE/plugins/com.st.stm32cube.ide.mcu.externaltools.gnu-tools-for-stm32.12.3.rel1.win32_1.0.200.202406191623/tools/bin/../lib/gcc/arm-none-eabi/12.3.1/thumb/v7-m/nofp/crtbegin.o
 .text          0x08000150      0x378 C:/ST/STM32CubeIDE_1.16.1/STM32CubeIDE/plugins/com.st.stm32cube.ide.mcu.externaltools.gnu-tools-for-stm32.12.3.rel1.win32_1.0.200.202406191623/tools/bin/../lib/gcc/arm-none-eabi/12.3.1/thumb/v7-m/nofp\libgcc.a(_arm_addsubdf3.o)
                0x08000150                __aeabi_drsub
                0x08000158                __aeabi_dsub
                0x08000158                __subdf3
                0x0800015c                __aeabi_dadd
                0x0800015c                __adddf3
                0x080003d4                __floatunsidf
                0x080003d4                __aeabi_ui2d
                0x080003f4                __floatsidf
                0x080003f4                __aeabi_i2d
                0x08000418                __aeabi_f2d
                0x08000418                __extendsfdf2
                0x0800045c                __floatundidf
                0x0800045c                __aeabi_ul2d
                0x0800046c                __floatdidf
                0x0800046c                __aeabi_l2d
 .text          0x080004c8      0x424 C:/ST/STM32CubeIDE_1.16.1/STM32CubeIDE/plugins/com.st.stm32cube.ide.mcu.externaltools.gnu-tools-for-stm32.12.3.rel1.win32_1.0.200.202406191623/tools/bin/../lib/gcc/arm-none-eabi/12.3.1/thumb/v7-m/nofp\libgcc.a(_arm_muldivdf3.o)
                0x080004c8                __aeabi_dmul
                0x080004c8                __muldf3
                0x0800071c                __divdf3
                0x0800071c                __aeabi_ddiv
 .text          0x080008ec       0x50 C:/ST/STM32CubeIDE_1.16.1/STM32CubeIDE/plugins/com.st.stm32cube.ide.mcu.externaltools.gnu-tools-for-stm32.12.3.rel1.win32_1.0.200.202406191623/tools/bin/../lib/gcc/arm-none-eabi/12.3.1/thumb/v7-m/nofp\libgcc.a(_arm_fixdfsi.o)
                0x080008ec                __aeabi_d2iz
                0x080008ec                __fixdfsi
 .text          0x0800093c       0xa0 C:/ST/STM32CubeIDE_1.16.1/STM32CubeIDE/plugins/com.st.stm32cube.ide.mcu.externaltools.gnu-tools-for-stm32.12.3.rel1.win32_1.0.200.202406191623/tools/bin/../lib/gcc/arm-none-eabi/12.3.1/thumb/v7-m/nofp\libgcc.a(_arm_truncdfsf2.o)
                0x0800093c                __truncdfsf2
                0x0800093c                __aeabi_d2f
 .text          0x080009dc      0x21c C:/ST/STM32CubeIDE_1.16.1/STM32CubeIDE/plugins/com.st.stm32cube.ide.mcu.externaltools.gnu-tools-for-stm32.12.3.rel1.win32_1.0.200.202406191623/tools/bin/../lib/gcc/arm-none-eabi/12.3.1/thumb/v7-m/nofp\libgcc.a(_arm_addsubsf3.o)
                0x080009dc                __aeabi_frsub
                0x080009e4                __subsf3
                0x080009e4                __aeabi_fsub
                0x080009e8                __aeabi_fadd
                0x080009e8                __addsf3
                0x08000b48                __aeabi_ui2f
                0x08000b48                __floatunsisf
                0x08000b50                __aeabi_i2f
                0x08000b50                __floatsisf
                0x08000b6c                __aeabi_ul2f
                0x08000b6c                __floatundisf
                0x08000b7c                __aeabi_l2f
                0x08000b7c                __floatdisf
 .text          0x08000bf8       0xec C:/ST/STM32CubeIDE_1.16.1/STM32CubeIDE/plugins/com.st.stm32cube.ide.mcu.externaltools.gnu-tools-for-stm32.12.3.rel1.win32_1.0.200.202406191623/tools/bin/../lib/gcc/arm-none-eabi/12.3.1/thumb/v7-m/nofp\libgcc.a(_arm_cmpsf2.o)
                0x08000bf8                __gesf2
                0x08000bf8                __gtsf2
                0x08000c00                __lesf2
                0x08000c00                __ltsf2
                0x08000c08                __nesf2
                0x08000c08                __eqsf2
                0x08000c08                __cmpsf2
                0x08000c68                __aeabi_cfrcmple
                0x08000c70                __aeabi_cfcmpeq
                0x08000c70                __aeabi_cfcmple
                0x08000c80                __aeabi_fcmpeq
                0x08000c94                __aeabi_fcmplt
                0x08000ca8                __aeabi_fcmple
                0x08000cbc                __aeabi_fcmpge
                0x08000cd0                __aeabi_fcmpgt
 .text          0x08000ce4       0x40 C:/ST/STM32CubeIDE_1.16.1/STM32CubeIDE/plugins/com.st.stm32cube.ide.mcu.externaltools.gnu-tools-for-stm32.12.3.rel1.win32_1.0.200.202406191623/tools/bin/../lib/gcc/arm-none-eabi/12.3.1/thumb/v7-m/nofp\libgcc.a(_arm_fixunssfsi.o)
                0x08000ce4                __fixunssfsi
                0x08000ce4                __aeabi_f2uiz
 *(.text*)
 .text.main     0x08000d24      0x24c ./Core/Src/main.o
                0x08000d24                main
 .text.SystemClock_Config
                0x08000f70       0xb6 ./Core/Src/main.o
                0x08000f70                SystemClock_Config
 *fill*         0x08001026        0x2 
 .text.MX_ADC1_Init
                0x08001028       0x7c ./Core/Src/main.o
 .text.MX_ADC2_Init
                0x080010a4       0x7c ./Core/Src/main.o
 .text.MX_TIM1_Init
                0x08001120       0xb0 ./Core/Src/main.o
 .text.MX_TIM2_Init
                0x080011d0       0xb0 ./Core/Src/main.o
 .text.MX_TIM3_Init
                0x08001280       0x9c ./Core/Src/main.o
 .text.MX_TIM4_Init
                0x0800131c       0xb0 ./Core/Src/main.o
 .text.MX_USART2_UART_Init
                0x080013cc       0x54 ./Core/Src/main.o
 .text.MX_GPIO_Init
                0x08001420      0x170 ./Core/Src/main.o
 .text.slowStartup
                0x08001590       0x6c ./Core/Src/main.o
                0x08001590                slowStartup
 .text.setSpeed
                0x080015fc       0xac ./Core/Src/main.o
                0x080015fc                setSpeed
 .text.measureSpeed
                0x080016a8       0x8c ./Core/Src/main.o
                0x080016a8                measureSpeed
 *fill*         0x08001734        0x4 
 .text.displaySpeed
                0x08001738       0x5c ./Core/Src/main.o
                0x08001738                displaySpeed
 .text.adjustSpeedDisplay
                0x08001794       0xd0 ./Core/Src/main.o
                0x08001794                adjustSpeedDisplay
 .text.slowStart
                0x08001864       0xac ./Core/Src/main.o
                0x08001864                slowStart
 .text.retract  0x08001910       0xf4 ./Core/Src/main.o
                0x08001910                retract
 .text.HAL_GPIO_EXTI_Callback
                0x08001a04       0xd0 ./Core/Src/main.o
                0x08001a04                HAL_GPIO_EXTI_Callback
 .text.checkLoadHigh
                0x08001ad4       0x24 ./Core/Src/main.o
                0x08001ad4                checkLoadHigh
 .text.resetStatusButton
                0x08001af8       0x24 ./Core/Src/main.o
                0x08001af8                resetStatusButton
 .text.Error_Handler
                0x08001b1c        0xc ./Core/Src/main.o
                0x08001b1c                Error_Handler
 .text.tm1637Init
                0x08001b28       0x88 ./Core/Src/stm32_tm1637.o
                0x08001b28                tm1637Init
 .text.tm1637DisplayDecimal
                0x08001bb0       0xdc ./Core/Src/stm32_tm1637.o
                0x08001bb0                tm1637DisplayDecimal
 .text.tm1637SetBrightness
                0x08001c8c       0x2a ./Core/Src/stm32_tm1637.o
                0x08001c8c                tm1637SetBrightness
 .text._tm1637Start
                0x08001cb6       0x1a ./Core/Src/stm32_tm1637.o
                0x08001cb6                _tm1637Start
 .text._tm1637Stop
                0x08001cd0       0x2a ./Core/Src/stm32_tm1637.o
                0x08001cd0                _tm1637Stop
 .text._tm1637ReadResult
                0x08001cfa       0x20 ./Core/Src/stm32_tm1637.o
                0x08001cfa                _tm1637ReadResult
 .text._tm1637WriteByte
                0x08001d1a       0x54 ./Core/Src/stm32_tm1637.o
                0x08001d1a                _tm1637WriteByte
 .text._tm1637DelayUsec
                0x08001d6e       0x36 ./Core/Src/stm32_tm1637.o
                0x08001d6e                _tm1637DelayUsec
 .text._tm1637ClkHigh
                0x08001da4       0x18 ./Core/Src/stm32_tm1637.o
                0x08001da4                _tm1637ClkHigh
 .text._tm1637ClkLow
                0x08001dbc       0x18 ./Core/Src/stm32_tm1637.o
                0x08001dbc                _tm1637ClkLow
 .text._tm1637DioHigh
                0x08001dd4       0x18 ./Core/Src/stm32_tm1637.o
                0x08001dd4                _tm1637DioHigh
 .text._tm1637DioLow
                0x08001dec       0x18 ./Core/Src/stm32_tm1637.o
                0x08001dec                _tm1637DioLow
 .text.HAL_MspInit
                0x08001e04       0x64 ./Core/Src/stm32f1xx_hal_msp.o
                0x08001e04                HAL_MspInit
 .text.HAL_ADC_MspInit
                0x08001e68       0xcc ./Core/Src/stm32f1xx_hal_msp.o
                0x08001e68                HAL_ADC_MspInit
 .text.HAL_TIM_Encoder_MspInit
                0x08001f34       0x80 ./Core/Src/stm32f1xx_hal_msp.o
                0x08001f34                HAL_TIM_Encoder_MspInit
 .text.HAL_TIM_PWM_MspInit
                0x08001fb4       0x60 ./Core/Src/stm32f1xx_hal_msp.o
                0x08001fb4                HAL_TIM_PWM_MspInit
 .text.HAL_TIM_Base_MspInit
                0x08002014       0x4c ./Core/Src/stm32f1xx_hal_msp.o
                0x08002014                HAL_TIM_Base_MspInit
 .text.HAL_TIM_MspPostInit
                0x08002060       0xc8 ./Core/Src/stm32f1xx_hal_msp.o
                0x08002060                HAL_TIM_MspPostInit
 .text.HAL_UART_MspInit
                0x08002128       0x94 ./Core/Src/stm32f1xx_hal_msp.o
                0x08002128                HAL_UART_MspInit
 .text.NMI_Handler
                0x080021bc        0x8 ./Core/Src/stm32f1xx_it.o
                0x080021bc                NMI_Handler
 .text.HardFault_Handler
                0x080021c4        0x8 ./Core/Src/stm32f1xx_it.o
                0x080021c4                HardFault_Handler
 .text.MemManage_Handler
                0x080021cc        0x8 ./Core/Src/stm32f1xx_it.o
                0x080021cc                MemManage_Handler
 .text.BusFault_Handler
                0x080021d4        0x8 ./Core/Src/stm32f1xx_it.o
                0x080021d4                BusFault_Handler
 .text.UsageFault_Handler
                0x080021dc        0x8 ./Core/Src/stm32f1xx_it.o
                0x080021dc                UsageFault_Handler
 .text.SVC_Handler
                0x080021e4        0xc ./Core/Src/stm32f1xx_it.o
                0x080021e4                SVC_Handler
 .text.DebugMon_Handler
                0x080021f0        0xc ./Core/Src/stm32f1xx_it.o
                0x080021f0                DebugMon_Handler
 .text.PendSV_Handler
                0x080021fc        0xc ./Core/Src/stm32f1xx_it.o
                0x080021fc                PendSV_Handler
 .text.SysTick_Handler
                0x08002208        0xc ./Core/Src/stm32f1xx_it.o
                0x08002208                SysTick_Handler
 .text.EXTI0_IRQHandler
                0x08002214        0xe ./Core/Src/stm32f1xx_it.o
                0x08002214                EXTI0_IRQHandler
 .text.EXTI1_IRQHandler
                0x08002222        0xe ./Core/Src/stm32f1xx_it.o
                0x08002222                EXTI1_IRQHandler
 .text.EXTI2_IRQHandler
                0x08002230        0xe ./Core/Src/stm32f1xx_it.o
                0x08002230                EXTI2_IRQHandler
 *fill*         0x0800223e        0x2 
 .text.TIM3_IRQHandler
                0x08002240       0x14 ./Core/Src/stm32f1xx_it.o
                0x08002240                TIM3_IRQHandler
 .text.EXTI15_10_IRQHandler
                0x08002254       0x30 ./Core/Src/stm32f1xx_it.o
                0x08002254                EXTI15_10_IRQHandler
 .text.SystemInit
                0x08002284        0xc ./Core/Src/system_stm32f1xx.o
                0x08002284                SystemInit
 .text.TM1637_Init
                0x08002290       0x56 ./Core/Src/tm1637.o
                0x08002290                TM1637_Init
 .text.TM1637_SetBrightness
                0x080022e6       0x3a ./Core/Src/tm1637.o
                0x080022e6                TM1637_SetBrightness
 .text.TM1637_SetSegments
                0x08002320       0x98 ./Core/Src/tm1637.o
                0x08002320                TM1637_SetSegments
 .text.TM1637_ShowNumberDec
                0x080023b8       0x34 ./Core/Src/tm1637.o
                0x080023b8                TM1637_ShowNumberDec
 .text.TM1637_ShowNumberDecEx
                0x080023ec       0x4c ./Core/Src/tm1637.o
                0x080023ec                TM1637_ShowNumberDecEx
 .text.TM1637_ShowNumberBaseEx
                0x08002438      0x150 ./Core/Src/tm1637.o
                0x08002438                TM1637_ShowNumberBaseEx
 .text.TM1637_Start
                0x08002588       0x5e ./Core/Src/tm1637.o
                0x08002588                TM1637_Start
 .text.TM1637_Stop
                0x080025e6       0x6e ./Core/Src/tm1637.o
                0x080025e6                TM1637_Stop
 .text.TM1637_WriteByte
                0x08002654       0xf6 ./Core/Src/tm1637.o
                0x08002654                TM1637_WriteByte
 .text.TM1637_ShowDots
                0x0800274a       0x52 ./Core/Src/tm1637.o
                0x0800274a                TM1637_ShowDots
 .text.TM1637_EncodeDigit
                0x0800279c       0x24 ./Core/Src/tm1637.o
                0x0800279c                TM1637_EncodeDigit
 .text.Reset_Handler
                0x080027c0       0x48 ./Core/Startup/startup_stm32f103c8tx.o
                0x080027c0                Reset_Handler
 .text.Default_Handler
                0x08002808        0x2 ./Core/Startup/startup_stm32f103c8tx.o
                0x08002808                RTC_Alarm_IRQHandler
                0x08002808                TIM1_CC_IRQHandler
                0x08002808                PVD_IRQHandler
                0x08002808                EXTI3_IRQHandler
                0x08002808                I2C2_EV_IRQHandler
                0x08002808                ADC1_2_IRQHandler
                0x08002808                SPI1_IRQHandler
                0x08002808                TAMPER_IRQHandler
                0x08002808                DMA1_Channel4_IRQHandler
                0x08002808                USART3_IRQHandler
                0x08002808                RTC_IRQHandler
                0x08002808                DMA1_Channel7_IRQHandler
                0x08002808                CAN1_RX1_IRQHandler
                0x08002808                TIM4_IRQHandler
                0x08002808                I2C1_EV_IRQHandler
                0x08002808                DMA1_Channel6_IRQHandler
                0x08002808                RCC_IRQHandler
                0x08002808                TIM1_TRG_COM_IRQHandler
                0x08002808                DMA1_Channel1_IRQHandler
                0x08002808                Default_Handler
                0x08002808                EXTI9_5_IRQHandler
                0x08002808                SPI2_IRQHandler
                0x08002808                DMA1_Channel5_IRQHandler
                0x08002808                EXTI4_IRQHandler
                0x08002808                USB_LP_CAN1_RX0_IRQHandler
                0x08002808                USB_HP_CAN1_TX_IRQHandler
                0x08002808                DMA1_Channel3_IRQHandler
                0x08002808                TIM1_UP_IRQHandler
                0x08002808                WWDG_IRQHandler
                0x08002808                TIM2_IRQHandler
                0x08002808                TIM1_BRK_IRQHandler
                0x08002808                USART2_IRQHandler
                0x08002808                I2C2_ER_IRQHandler
                0x08002808                DMA1_Channel2_IRQHandler
                0x08002808                CAN1_SCE_IRQHandler
                0x08002808                FLASH_IRQHandler
                0x08002808                USART1_IRQHandler
                0x08002808                I2C1_ER_IRQHandler
                0x08002808                USBWakeUp_IRQHandler
 *fill*         0x0800280a        0x2 
 .text.HAL_Init
                0x0800280c       0x2c ./Drivers/STM32F1xx_HAL_Driver/Src/stm32f1xx_hal.o
                0x0800280c                HAL_Init
 .text.HAL_InitTick
                0x08002838       0x60 ./Drivers/STM32F1xx_HAL_Driver/Src/stm32f1xx_hal.o
                0x08002838                HAL_InitTick
 .text.HAL_IncTick
                0x08002898       0x24 ./Drivers/STM32F1xx_HAL_Driver/Src/stm32f1xx_hal.o
                0x08002898                HAL_IncTick
 .text.HAL_GetTick
                0x080028bc       0x14 ./Drivers/STM32F1xx_HAL_Driver/Src/stm32f1xx_hal.o
                0x080028bc                HAL_GetTick
 .text.HAL_Delay
                0x080028d0       0x48 ./Drivers/STM32F1xx_HAL_Driver/Src/stm32f1xx_hal.o
                0x080028d0                HAL_Delay
 .text.HAL_ADC_Init
                0x08002918      0x1b0 ./Drivers/STM32F1xx_HAL_Driver/Src/stm32f1xx_hal_adc.o
                0x08002918                HAL_ADC_Init
 .text.HAL_ADC_Start
                0x08002ac8      0x15c ./Drivers/STM32F1xx_HAL_Driver/Src/stm32f1xx_hal_adc.o
                0x08002ac8                HAL_ADC_Start
 .text.HAL_ADC_Stop
                0x08002c24       0x58 ./Drivers/STM32F1xx_HAL_Driver/Src/stm32f1xx_hal_adc.o
                0x08002c24                HAL_ADC_Stop
 .text.HAL_ADC_GetValue
                0x08002c7c       0x18 ./Drivers/STM32F1xx_HAL_Driver/Src/stm32f1xx_hal_adc.o
                0x08002c7c                HAL_ADC_GetValue
 .text.HAL_ADC_ConfigChannel
                0x08002c94      0x1f0 ./Drivers/STM32F1xx_HAL_Driver/Src/stm32f1xx_hal_adc.o
                0x08002c94                HAL_ADC_ConfigChannel
 .text.ADC_Enable
                0x08002e84       0xb4 ./Drivers/STM32F1xx_HAL_Driver/Src/stm32f1xx_hal_adc.o
                0x08002e84                ADC_Enable
 .text.ADC_ConversionStop_Disable
                0x08002f38       0x82 ./Drivers/STM32F1xx_HAL_Driver/Src/stm32f1xx_hal_adc.o
                0x08002f38                ADC_ConversionStop_Disable
 *fill*         0x08002fba        0x2 
 .text.__NVIC_SetPriorityGrouping
                0x08002fbc       0x48 ./Drivers/STM32F1xx_HAL_Driver/Src/stm32f1xx_hal_cortex.o
 .text.__NVIC_GetPriorityGrouping
                0x08003004       0x1c ./Drivers/STM32F1xx_HAL_Driver/Src/stm32f1xx_hal_cortex.o
 .text.__NVIC_EnableIRQ
                0x08003020       0x38 ./Drivers/STM32F1xx_HAL_Driver/Src/stm32f1xx_hal_cortex.o
 .text.__NVIC_SetPriority
                0x08003058       0x54 ./Drivers/STM32F1xx_HAL_Driver/Src/stm32f1xx_hal_cortex.o
 .text.NVIC_EncodePriority
                0x080030ac       0x64 ./Drivers/STM32F1xx_HAL_Driver/Src/stm32f1xx_hal_cortex.o
 .text.SysTick_Config
                0x08003110       0x44 ./Drivers/STM32F1xx_HAL_Driver/Src/stm32f1xx_hal_cortex.o
 .text.HAL_NVIC_SetPriorityGrouping
                0x08003154       0x16 ./Drivers/STM32F1xx_HAL_Driver/Src/stm32f1xx_hal_cortex.o
                0x08003154                HAL_NVIC_SetPriorityGrouping
 .text.HAL_NVIC_SetPriority
                0x0800316a       0x38 ./Drivers/STM32F1xx_HAL_Driver/Src/stm32f1xx_hal_cortex.o
                0x0800316a                HAL_NVIC_SetPriority
 .text.HAL_NVIC_EnableIRQ
                0x080031a2       0x1c ./Drivers/STM32F1xx_HAL_Driver/Src/stm32f1xx_hal_cortex.o
                0x080031a2                HAL_NVIC_EnableIRQ
 .text.HAL_SYSTICK_Config
                0x080031be       0x18 ./Drivers/STM32F1xx_HAL_Driver/Src/stm32f1xx_hal_cortex.o
                0x080031be                HAL_SYSTICK_Config
 *fill*         0x080031d6        0x2 
 .text.HAL_GPIO_Init
                0x080031d8      0x308 ./Drivers/STM32F1xx_HAL_Driver/Src/stm32f1xx_hal_gpio.o
                0x080031d8                HAL_GPIO_Init
 .text.HAL_GPIO_ReadPin
                0x080034e0       0x2e ./Drivers/STM32F1xx_HAL_Driver/Src/stm32f1xx_hal_gpio.o
                0x080034e0                HAL_GPIO_ReadPin
 .text.HAL_GPIO_WritePin
                0x0800350e       0x30 ./Drivers/STM32F1xx_HAL_Driver/Src/stm32f1xx_hal_gpio.o
                0x0800350e                HAL_GPIO_WritePin
 *fill*         0x0800353e        0x2 
 .text.HAL_GPIO_EXTI_IRQHandler
                0x08003540       0x30 ./Drivers/STM32F1xx_HAL_Driver/Src/stm32f1xx_hal_gpio.o
                0x08003540                HAL_GPIO_EXTI_IRQHandler
 .text.HAL_RCC_OscConfig
                0x08003570      0x504 ./Drivers/STM32F1xx_HAL_Driver/Src/stm32f1xx_hal_rcc.o
                0x08003570                HAL_RCC_OscConfig
 .text.HAL_RCC_ClockConfig
                0x08003a74      0x1d4 ./Drivers/STM32F1xx_HAL_Driver/Src/stm32f1xx_hal_rcc.o
                0x08003a74                HAL_RCC_ClockConfig
 .text.HAL_RCC_GetSysClockFreq
                0x08003c48       0xa8 ./Drivers/STM32F1xx_HAL_Driver/Src/stm32f1xx_hal_rcc.o
                0x08003c48                HAL_RCC_GetSysClockFreq
 .text.HAL_RCC_GetHCLKFreq
                0x08003cf0       0x14 ./Drivers/STM32F1xx_HAL_Driver/Src/stm32f1xx_hal_rcc.o
                0x08003cf0                HAL_RCC_GetHCLKFreq
 .text.HAL_RCC_GetPCLK1Freq
                0x08003d04       0x28 ./Drivers/STM32F1xx_HAL_Driver/Src/stm32f1xx_hal_rcc.o
                0x08003d04                HAL_RCC_GetPCLK1Freq
 .text.HAL_RCC_GetPCLK2Freq
                0x08003d2c       0x28 ./Drivers/STM32F1xx_HAL_Driver/Src/stm32f1xx_hal_rcc.o
                0x08003d2c                HAL_RCC_GetPCLK2Freq
 .text.RCC_Delay
                0x08003d54       0x3c ./Drivers/STM32F1xx_HAL_Driver/Src/stm32f1xx_hal_rcc.o
 .text.HAL_RCCEx_PeriphCLKConfig
                0x08003d90      0x16c ./Drivers/STM32F1xx_HAL_Driver/Src/stm32f1xx_hal_rcc_ex.o
                0x08003d90                HAL_RCCEx_PeriphCLKConfig
 .text.HAL_TIM_Base_Init
                0x08003efc       0x9e ./Drivers/STM32F1xx_HAL_Driver/Src/stm32f1xx_hal_tim.o
                0x08003efc                HAL_TIM_Base_Init
 *fill*         0x08003f9a        0x2 
 .text.HAL_TIM_Base_Start_IT
                0x08003f9c       0xa4 ./Drivers/STM32F1xx_HAL_Driver/Src/stm32f1xx_hal_tim.o
                0x08003f9c                HAL_TIM_Base_Start_IT
 .text.HAL_TIM_PWM_Init
                0x08004040       0x9e ./Drivers/STM32F1xx_HAL_Driver/Src/stm32f1xx_hal_tim.o
                0x08004040                HAL_TIM_PWM_Init
 *fill*         0x080040de        0x2 
 .text.HAL_TIM_PWM_Start
                0x080040e0      0x144 ./Drivers/STM32F1xx_HAL_Driver/Src/stm32f1xx_hal_tim.o
                0x080040e0                HAL_TIM_PWM_Start
 .text.HAL_TIM_Encoder_Init
                0x08004224      0x144 ./Drivers/STM32F1xx_HAL_Driver/Src/stm32f1xx_hal_tim.o
                0x08004224                HAL_TIM_Encoder_Init
 .text.HAL_TIM_Encoder_Start
                0x08004368      0x11c ./Drivers/STM32F1xx_HAL_Driver/Src/stm32f1xx_hal_tim.o
                0x08004368                HAL_TIM_Encoder_Start
 .text.HAL_TIM_IRQHandler
                0x08004484      0x1e0 ./Drivers/STM32F1xx_HAL_Driver/Src/stm32f1xx_hal_tim.o
                0x08004484                HAL_TIM_IRQHandler
 .text.HAL_TIM_PWM_ConfigChannel
                0x08004664      0x184 ./Drivers/STM32F1xx_HAL_Driver/Src/stm32f1xx_hal_tim.o
                0x08004664                HAL_TIM_PWM_ConfigChannel
 .text.HAL_TIM_ConfigClockSource
                0x080047e8      0x18e ./Drivers/STM32F1xx_HAL_Driver/Src/stm32f1xx_hal_tim.o
                0x080047e8                HAL_TIM_ConfigClockSource
 .text.HAL_TIM_PeriodElapsedCallback
                0x08004976       0x12 ./Drivers/STM32F1xx_HAL_Driver/Src/stm32f1xx_hal_tim.o
                0x08004976                HAL_TIM_PeriodElapsedCallback
 .text.HAL_TIM_OC_DelayElapsedCallback
                0x08004988       0x12 ./Drivers/STM32F1xx_HAL_Driver/Src/stm32f1xx_hal_tim.o
                0x08004988                HAL_TIM_OC_DelayElapsedCallback
 .text.HAL_TIM_IC_CaptureCallback
                0x0800499a       0x12 ./Drivers/STM32F1xx_HAL_Driver/Src/stm32f1xx_hal_tim.o
                0x0800499a                HAL_TIM_IC_CaptureCallback
 .text.HAL_TIM_PWM_PulseFinishedCallback
                0x080049ac       0x12 ./Drivers/STM32F1xx_HAL_Driver/Src/stm32f1xx_hal_tim.o
                0x080049ac                HAL_TIM_PWM_PulseFinishedCallback
 .text.HAL_TIM_TriggerCallback
                0x080049be       0x12 ./Drivers/STM32F1xx_HAL_Driver/Src/stm32f1xx_hal_tim.o
                0x080049be                HAL_TIM_TriggerCallback
 .text.TIM_Base_SetConfig
                0x080049d0       0xdc ./Drivers/STM32F1xx_HAL_Driver/Src/stm32f1xx_hal_tim.o
                0x080049d0                TIM_Base_SetConfig
 .text.TIM_OC1_SetConfig
                0x08004aac       0xcc ./Drivers/STM32F1xx_HAL_Driver/Src/stm32f1xx_hal_tim.o
 .text.TIM_OC2_SetConfig
                0x08004b78       0xd4 ./Drivers/STM32F1xx_HAL_Driver/Src/stm32f1xx_hal_tim.o
                0x08004b78                TIM_OC2_SetConfig
 .text.TIM_OC3_SetConfig
                0x08004c4c       0xd4 ./Drivers/STM32F1xx_HAL_Driver/Src/stm32f1xx_hal_tim.o
 .text.TIM_OC4_SetConfig
                0x08004d20       0x9c ./Drivers/STM32F1xx_HAL_Driver/Src/stm32f1xx_hal_tim.o
 .text.TIM_TI1_ConfigInputStage
                0x08004dbc       0x5c ./Drivers/STM32F1xx_HAL_Driver/Src/stm32f1xx_hal_tim.o
 .text.TIM_TI2_ConfigInputStage
                0x08004e18       0x5e ./Drivers/STM32F1xx_HAL_Driver/Src/stm32f1xx_hal_tim.o
 .text.TIM_ITRx_SetConfig
                0x08004e76       0x34 ./Drivers/STM32F1xx_HAL_Driver/Src/stm32f1xx_hal_tim.o
 .text.TIM_ETR_SetConfig
                0x08004eaa       0x3e ./Drivers/STM32F1xx_HAL_Driver/Src/stm32f1xx_hal_tim.o
                0x08004eaa                TIM_ETR_SetConfig
 .text.TIM_CCxChannelCmd
                0x08004ee8       0x48 ./Drivers/STM32F1xx_HAL_Driver/Src/stm32f1xx_hal_tim.o
                0x08004ee8                TIM_CCxChannelCmd
 .text.HAL_TIMEx_MasterConfigSynchronization
                0x08004f30       0xbc ./Drivers/STM32F1xx_HAL_Driver/Src/stm32f1xx_hal_tim_ex.o
                0x08004f30                HAL_TIMEx_MasterConfigSynchronization
 .text.HAL_TIMEx_CommutCallback
                0x08004fec       0x12 ./Drivers/STM32F1xx_HAL_Driver/Src/stm32f1xx_hal_tim_ex.o
                0x08004fec                HAL_TIMEx_CommutCallback
 .text.HAL_TIMEx_BreakCallback
                0x08004ffe       0x12 ./Drivers/STM32F1xx_HAL_Driver/Src/stm32f1xx_hal_tim_ex.o
                0x08004ffe                HAL_TIMEx_BreakCallback
 .text.HAL_UART_Init
                0x08005010       0xa0 ./Drivers/STM32F1xx_HAL_Driver/Src/stm32f1xx_hal_uart.o
                0x08005010                HAL_UART_Init
 .text.UART_SetConfig
                0x080050b0      0x11c ./Drivers/STM32F1xx_HAL_Driver/Src/stm32f1xx_hal_uart.o
 .text.memset   0x080051cc       0x10 C:/ST/STM32CubeIDE_1.16.1/STM32CubeIDE/plugins/com.st.stm32cube.ide.mcu.externaltools.gnu-tools-for-stm32.12.3.rel1.win32_1.0.200.202406191623/tools/bin/../lib/gcc/arm-none-eabi/12.3.1/../../../../arm-none-eabi/lib/thumb/v7-m/nofp\libc_nano.a(libc_a-memset.o)
                0x080051cc                memset
 .text.__libc_init_array
                0x080051dc       0x48 C:/ST/STM32CubeIDE_1.16.1/STM32CubeIDE/plugins/com.st.stm32cube.ide.mcu.externaltools.gnu-tools-for-stm32.12.3.rel1.win32_1.0.200.202406191623/tools/bin/../lib/gcc/arm-none-eabi/12.3.1/../../../../arm-none-eabi/lib/thumb/v7-m/nofp\libc_nano.a(libc_a-init.o)
                0x080051dc                __libc_init_array
 *(.glue_7)
 .glue_7        0x08005224        0x0 linker stubs
 *(.glue_7t)
 .glue_7t       0x08005224        0x0 linker stubs
 *(.eh_frame)
 .eh_frame      0x08005224        0x0 C:/ST/STM32CubeIDE_1.16.1/STM32CubeIDE/plugins/com.st.stm32cube.ide.mcu.externaltools.gnu-tools-for-stm32.12.3.rel1.win32_1.0.200.202406191623/tools/bin/../lib/gcc/arm-none-eabi/12.3.1/thumb/v7-m/nofp/crtbegin.o
 *(.init)
 .init          0x08005224        0x4 C:/ST/STM32CubeIDE_1.16.1/STM32CubeIDE/plugins/com.st.stm32cube.ide.mcu.externaltools.gnu-tools-for-stm32.12.3.rel1.win32_1.0.200.202406191623/tools/bin/../lib/gcc/arm-none-eabi/12.3.1/thumb/v7-m/nofp/crti.o
                0x08005224                _init
 .init          0x08005228        0x8 C:/ST/STM32CubeIDE_1.16.1/STM32CubeIDE/plugins/com.st.stm32cube.ide.mcu.externaltools.gnu-tools-for-stm32.12.3.rel1.win32_1.0.200.202406191623/tools/bin/../lib/gcc/arm-none-eabi/12.3.1/thumb/v7-m/nofp/crtn.o
 *(.fini)
 .fini          0x08005230        0x4 C:/ST/STM32CubeIDE_1.16.1/STM32CubeIDE/plugins/com.st.stm32cube.ide.mcu.externaltools.gnu-tools-for-stm32.12.3.rel1.win32_1.0.200.202406191623/tools/bin/../lib/gcc/arm-none-eabi/12.3.1/thumb/v7-m/nofp/crti.o
                0x08005230                _fini
 .fini          0x08005234        0x8 C:/ST/STM32CubeIDE_1.16.1/STM32CubeIDE/plugins/com.st.stm32cube.ide.mcu.externaltools.gnu-tools-for-stm32.12.3.rel1.win32_1.0.200.202406191623/tools/bin/../lib/gcc/arm-none-eabi/12.3.1/thumb/v7-m/nofp/crtn.o
                0x0800523c                        . = ALIGN (0x4)
                0x0800523c                        _etext = .

.vfp11_veneer   0x0800523c        0x0
 .vfp11_veneer  0x0800523c        0x0 linker stubs

.v4_bx          0x0800523c        0x0
 .v4_bx         0x0800523c        0x0 linker stubs

.iplt           0x0800523c        0x0
 .iplt          0x0800523c        0x0 C:/ST/STM32CubeIDE_1.16.1/STM32CubeIDE/plugins/com.st.stm32cube.ide.mcu.externaltools.gnu-tools-for-stm32.12.3.rel1.win32_1.0.200.202406191623/tools/bin/../lib/gcc/arm-none-eabi/12.3.1/thumb/v7-m/nofp/crtbegin.o

.rodata         0x0800523c       0x50
                0x0800523c                        . = ALIGN (0x4)
 *(.rodata)
 *(.rodata*)
 .rodata.segmentMap
                0x0800523c       0x11 ./Core/Src/stm32_tm1637.o
                0x0800523c                segmentMap
 *fill*         0x0800524d        0x3 
 .rodata.AHBPrescTable
                0x08005250       0x10 ./Core/Src/system_stm32f1xx.o
                0x08005250                AHBPrescTable
 .rodata.APBPrescTable
                0x08005260        0x8 ./Core/Src/system_stm32f1xx.o
                0x08005260                APBPrescTable
 .rodata.digitToSegment
                0x08005268       0x10 ./Core/Src/tm1637.o
                0x08005268                digitToSegment
 .rodata.aPLLMULFactorTable.1
                0x08005278       0x10 ./Drivers/STM32F1xx_HAL_Driver/Src/stm32f1xx_hal_rcc.o
 .rodata.aPredivFactorTable.0
                0x08005288        0x2 ./Drivers/STM32F1xx_HAL_Driver/Src/stm32f1xx_hal_rcc.o
                0x0800528c                        . = ALIGN (0x4)
 *fill*         0x0800528a        0x2 

.ARM.extab      0x0800528c        0x0
                0x0800528c                        . = ALIGN (0x4)
 *(.ARM.extab* .gnu.linkonce.armextab.*)
                0x0800528c                        . = ALIGN (0x4)

.ARM            0x0800528c        0x0
                0x0800528c                        . = ALIGN (0x4)
                0x0800528c                        __exidx_start = .
 *(.ARM.exidx*)
                0x0800528c                        __exidx_end = .
                0x0800528c                        . = ALIGN (0x4)

.preinit_array  0x0800528c        0x0
                0x0800528c                        . = ALIGN (0x4)
                0x0800528c                        PROVIDE (__preinit_array_start = .)
 *(.preinit_array*)
                0x0800528c                        PROVIDE (__preinit_array_end = .)
                0x0800528c                        . = ALIGN (0x4)

.init_array     0x0800528c        0x4
                0x0800528c                        . = ALIGN (0x4)
                0x0800528c                        PROVIDE (__init_array_start = .)
 *(SORT_BY_NAME(.init_array.*))
 *(.init_array*)
 .init_array    0x0800528c        0x4 C:/ST/STM32CubeIDE_1.16.1/STM32CubeIDE/plugins/com.st.stm32cube.ide.mcu.externaltools.gnu-tools-for-stm32.12.3.rel1.win32_1.0.200.202406191623/tools/bin/../lib/gcc/arm-none-eabi/12.3.1/thumb/v7-m/nofp/crtbegin.o
                0x08005290                        PROVIDE (__init_array_end = .)
                0x08005290                        . = ALIGN (0x4)

.fini_array     0x08005290        0x4
                0x08005290                        . = ALIGN (0x4)
                [!provide]                        PROVIDE (__fini_array_start = .)
 *(SORT_BY_NAME(.fini_array.*))
 *(.fini_array*)
 .fini_array    0x08005290        0x4 C:/ST/STM32CubeIDE_1.16.1/STM32CubeIDE/plugins/com.st.stm32cube.ide.mcu.externaltools.gnu-tools-for-stm32.12.3.rel1.win32_1.0.200.202406191623/tools/bin/../lib/gcc/arm-none-eabi/12.3.1/thumb/v7-m/nofp/crtbegin.o
                [!provide]                        PROVIDE (__fini_array_end = .)
                0x08005294                        . = ALIGN (0x4)
                0x08005294                        _sidata = LOADADDR (.data)

.rel.dyn        0x08005294        0x0
 .rel.iplt      0x08005294        0x0 C:/ST/STM32CubeIDE_1.16.1/STM32CubeIDE/plugins/com.st.stm32cube.ide.mcu.externaltools.gnu-tools-for-stm32.12.3.rel1.win32_1.0.200.202406191623/tools/bin/../lib/gcc/arm-none-eabi/12.3.1/thumb/v7-m/nofp/crtbegin.o

.data           0x20000000        0xc load address 0x08005294
                0x20000000                        . = ALIGN (0x4)
                0x20000000                        _sdata = .
 *(.data)
 *(.data*)
 .data.SystemCoreClock
                0x20000000        0x4 ./Core/Src/system_stm32f1xx.o
                0x20000000                SystemCoreClock
 .data.uwTickPrio
                0x20000004        0x4 ./Drivers/STM32F1xx_HAL_Driver/Src/stm32f1xx_hal.o
                0x20000004                uwTickPrio
 .data.uwTickFreq
                0x20000008        0x1 ./Drivers/STM32F1xx_HAL_Driver/Src/stm32f1xx_hal.o
                0x20000008                uwTickFreq
 *(.RamFunc)
 *(.RamFunc*)
                0x2000000c                        . = ALIGN (0x4)
 *fill*         0x20000009        0x3 
                0x2000000c                        _edata = .

.igot.plt       0x2000000c        0x0 load address 0x080052a0
 .igot.plt      0x2000000c        0x0 C:/ST/STM32CubeIDE_1.16.1/STM32CubeIDE/plugins/com.st.stm32cube.ide.mcu.externaltools.gnu-tools-for-stm32.12.3.rel1.win32_1.0.200.202406191623/tools/bin/../lib/gcc/arm-none-eabi/12.3.1/thumb/v7-m/nofp/crtbegin.o
                0x2000000c                        . = ALIGN (0x4)

.bss            0x2000000c      0x230 load address 0x080052a0
                0x2000000c                        _sbss = .
                0x2000000c                        __bss_start__ = _sbss
 *(.bss)
 .bss           0x2000000c       0x1c C:/ST/STM32CubeIDE_1.16.1/STM32CubeIDE/plugins/com.st.stm32cube.ide.mcu.externaltools.gnu-tools-for-stm32.12.3.rel1.win32_1.0.200.202406191623/tools/bin/../lib/gcc/arm-none-eabi/12.3.1/thumb/v7-m/nofp/crtbegin.o
 *(.bss*)
 .bss.hadc1     0x20000028       0x30 ./Core/Src/main.o
                0x20000028                hadc1
 .bss.hadc2     0x20000058       0x30 ./Core/Src/main.o
                0x20000058                hadc2
 .bss.htim1     0x20000088       0x48 ./Core/Src/main.o
                0x20000088                htim1
 .bss.htim2     0x200000d0       0x48 ./Core/Src/main.o
                0x200000d0                htim2
 .bss.htim3     0x20000118       0x48 ./Core/Src/main.o
                0x20000118                htim3
 .bss.htim4     0x20000160       0x48 ./Core/Src/main.o
                0x20000160                htim4
 .bss.huart2    0x200001a8       0x48 ./Core/Src/main.o
                0x200001a8                huart2
 .bss.button    0x200001f0        0x7 ./Core/Src/main.o
                0x200001f0                button
 *fill*         0x200001f7        0x1 
 .bss.motor     0x200001f8       0x18 ./Core/Src/main.o
                0x200001f8                motor
 .bss.time      0x20000210       0x10 ./Core/Src/main.o
                0x20000210                time
 .bss.retractCm
                0x20000220        0x4 ./Core/Src/main.o
                0x20000220                retractCm
 .bss.display   0x20000224       0x14 ./Core/Src/main.o
                0x20000224                display
 .bss.uwTick    0x20000238        0x4 ./Drivers/STM32F1xx_HAL_Driver/Src/stm32f1xx_hal.o
                0x20000238                uwTick
 *(COMMON)
                0x2000023c                        . = ALIGN (0x4)
                0x2000023c                        _ebss = .
                0x2000023c                        __bss_end__ = _ebss

._user_heap_stack
                0x2000023c      0x604 load address 0x080052a0
                0x20000240                        . = ALIGN (0x8)
 *fill*         0x2000023c        0x4 
                [!provide]                        PROVIDE (end = .)
                0x20000240                        PROVIDE (_end = .)
                0x20000440                        . = (. + _Min_Heap_Size)
 *fill*         0x20000240      0x200 
                0x20000840                        . = (. + _Min_Stack_Size)
 *fill*         0x20000440      0x400 
                0x20000840                        . = ALIGN (0x8)

/DISCARD/
 libc.a(*)
 libm.a(*)
 libgcc.a(*)

.ARM.attributes
                0x00000000       0x29
 *(.ARM.attributes)
 .ARM.attributes
                0x00000000       0x1d C:/ST/STM32CubeIDE_1.16.1/STM32CubeIDE/plugins/com.st.stm32cube.ide.mcu.externaltools.gnu-tools-for-stm32.12.3.rel1.win32_1.0.200.202406191623/tools/bin/../lib/gcc/arm-none-eabi/12.3.1/thumb/v7-m/nofp/crti.o
 .ARM.attributes
                0x0000001d       0x2d C:/ST/STM32CubeIDE_1.16.1/STM32CubeIDE/plugins/com.st.stm32cube.ide.mcu.externaltools.gnu-tools-for-stm32.12.3.rel1.win32_1.0.200.202406191623/tools/bin/../lib/gcc/arm-none-eabi/12.3.1/thumb/v7-m/nofp/crtbegin.o
 .ARM.attributes
                0x0000004a       0x2d ./Core/Src/main.o
 .ARM.attributes
                0x00000077       0x2d ./Core/Src/stm32_tm1637.o
 .ARM.attributes
                0x000000a4       0x2d ./Core/Src/stm32f1xx_hal_msp.o
 .ARM.attributes
                0x000000d1       0x2d ./Core/Src/stm32f1xx_it.o
 .ARM.attributes
                0x000000fe       0x2d ./Core/Src/system_stm32f1xx.o
 .ARM.attributes
                0x0000012b       0x2d ./Core/Src/tm1637.o
 .ARM.attributes
                0x00000158       0x21 ./Core/Startup/startup_stm32f103c8tx.o
 .ARM.attributes
                0x00000179       0x2d ./Drivers/STM32F1xx_HAL_Driver/Src/stm32f1xx_hal.o
 .ARM.attributes
                0x000001a6       0x2d ./Drivers/STM32F1xx_HAL_Driver/Src/stm32f1xx_hal_adc.o
 .ARM.attributes
                0x000001d3       0x2d ./Drivers/STM32F1xx_HAL_Driver/Src/stm32f1xx_hal_cortex.o
 .ARM.attributes
                0x00000200       0x2d ./Drivers/STM32F1xx_HAL_Driver/Src/stm32f1xx_hal_gpio.o
 .ARM.attributes
                0x0000022d       0x2d ./Drivers/STM32F1xx_HAL_Driver/Src/stm32f1xx_hal_rcc.o
 .ARM.attributes
                0x0000025a       0x2d ./Drivers/STM32F1xx_HAL_Driver/Src/stm32f1xx_hal_rcc_ex.o
 .ARM.attributes
                0x00000287       0x2d ./Drivers/STM32F1xx_HAL_Driver/Src/stm32f1xx_hal_tim.o
 .ARM.attributes
                0x000002b4       0x2d ./Drivers/STM32F1xx_HAL_Driver/Src/stm32f1xx_hal_tim_ex.o
 .ARM.attributes
                0x000002e1       0x2d ./Drivers/STM32F1xx_HAL_Driver/Src/stm32f1xx_hal_uart.o
 .ARM.attributes
                0x0000030e       0x2d C:/ST/STM32CubeIDE_1.16.1/STM32CubeIDE/plugins/com.st.stm32cube.ide.mcu.externaltools.gnu-tools-for-stm32.12.3.rel1.win32_1.0.200.202406191623/tools/bin/../lib/gcc/arm-none-eabi/12.3.1/../../../../arm-none-eabi/lib/thumb/v7-m/nofp\libc_nano.a(libc_a-memset.o)
 .ARM.attributes
                0x0000033b       0x2d C:/ST/STM32CubeIDE_1.16.1/STM32CubeIDE/plugins/com.st.stm32cube.ide.mcu.externaltools.gnu-tools-for-stm32.12.3.rel1.win32_1.0.200.202406191623/tools/bin/../lib/gcc/arm-none-eabi/12.3.1/../../../../arm-none-eabi/lib/thumb/v7-m/nofp\libc_nano.a(libc_a-init.o)
 .ARM.attributes
                0x00000368       0x1d C:/ST/STM32CubeIDE_1.16.1/STM32CubeIDE/plugins/com.st.stm32cube.ide.mcu.externaltools.gnu-tools-for-stm32.12.3.rel1.win32_1.0.200.202406191623/tools/bin/../lib/gcc/arm-none-eabi/12.3.1/thumb/v7-m/nofp\libgcc.a(_arm_addsubdf3.o)
 .ARM.attributes
                0x00000385       0x1d C:/ST/STM32CubeIDE_1.16.1/STM32CubeIDE/plugins/com.st.stm32cube.ide.mcu.externaltools.gnu-tools-for-stm32.12.3.rel1.win32_1.0.200.202406191623/tools/bin/../lib/gcc/arm-none-eabi/12.3.1/thumb/v7-m/nofp\libgcc.a(_arm_muldivdf3.o)
 .ARM.attributes
                0x000003a2       0x1d C:/ST/STM32CubeIDE_1.16.1/STM32CubeIDE/plugins/com.st.stm32cube.ide.mcu.externaltools.gnu-tools-for-stm32.12.3.rel1.win32_1.0.200.202406191623/tools/bin/../lib/gcc/arm-none-eabi/12.3.1/thumb/v7-m/nofp\libgcc.a(_arm_fixdfsi.o)
 .ARM.attributes
                0x000003bf       0x1d C:/ST/STM32CubeIDE_1.16.1/STM32CubeIDE/plugins/com.st.stm32cube.ide.mcu.externaltools.gnu-tools-for-stm32.12.3.rel1.win32_1.0.200.202406191623/tools/bin/../lib/gcc/arm-none-eabi/12.3.1/thumb/v7-m/nofp\libgcc.a(_arm_truncdfsf2.o)
 .ARM.attributes
                0x000003dc       0x1d C:/ST/STM32CubeIDE_1.16.1/STM32CubeIDE/plugins/com.st.stm32cube.ide.mcu.externaltools.gnu-tools-for-stm32.12.3.rel1.win32_1.0.200.202406191623/tools/bin/../lib/gcc/arm-none-eabi/12.3.1/thumb/v7-m/nofp\libgcc.a(_arm_addsubsf3.o)
 .ARM.attributes
                0x000003f9       0x1d C:/ST/STM32CubeIDE_1.16.1/STM32CubeIDE/plugins/com.st.stm32cube.ide.mcu.externaltools.gnu-tools-for-stm32.12.3.rel1.win32_1.0.200.202406191623/tools/bin/../lib/gcc/arm-none-eabi/12.3.1/thumb/v7-m/nofp\libgcc.a(_arm_cmpsf2.o)
 .ARM.attributes
                0x00000416       0x1d C:/ST/STM32CubeIDE_1.16.1/STM32CubeIDE/plugins/com.st.stm32cube.ide.mcu.externaltools.gnu-tools-for-stm32.12.3.rel1.win32_1.0.200.202406191623/tools/bin/../lib/gcc/arm-none-eabi/12.3.1/thumb/v7-m/nofp\libgcc.a(_arm_fixunssfsi.o)
 .ARM.attributes
                0x00000433       0x1d C:/ST/STM32CubeIDE_1.16.1/STM32CubeIDE/plugins/com.st.stm32cube.ide.mcu.externaltools.gnu-tools-for-stm32.12.3.rel1.win32_1.0.200.202406191623/tools/bin/../lib/gcc/arm-none-eabi/12.3.1/thumb/v7-m/nofp/crtn.o
OUTPUT(Motor_Control.elf elf32-littlearm)
LOAD linker stubs
LOAD C:/ST/STM32CubeIDE_1.16.1/STM32CubeIDE/plugins/com.st.stm32cube.ide.mcu.externaltools.gnu-tools-for-stm32.12.3.rel1.win32_1.0.200.202406191623/tools/bin/../lib/gcc/arm-none-eabi/12.3.1/../../../../arm-none-eabi/lib/thumb/v7-m/nofp\libc.a
LOAD C:/ST/STM32CubeIDE_1.16.1/STM32CubeIDE/plugins/com.st.stm32cube.ide.mcu.externaltools.gnu-tools-for-stm32.12.3.rel1.win32_1.0.200.202406191623/tools/bin/../lib/gcc/arm-none-eabi/12.3.1/../../../../arm-none-eabi/lib/thumb/v7-m/nofp\libm.a
LOAD C:/ST/STM32CubeIDE_1.16.1/STM32CubeIDE/plugins/com.st.stm32cube.ide.mcu.externaltools.gnu-tools-for-stm32.12.3.rel1.win32_1.0.200.202406191623/tools/bin/../lib/gcc/arm-none-eabi/12.3.1/thumb/v7-m/nofp\libgcc.a

.debug_info     0x00000000     0xdd0d
 .debug_info    0x00000000     0x1ac9 ./Core/Src/main.o
 .debug_info    0x00001ac9      0x44c ./Core/Src/stm32_tm1637.o
 .debug_info    0x00001f15     0x11a7 ./Core/Src/stm32f1xx_hal_msp.o
 .debug_info    0x000030bc      0x70e ./Core/Src/stm32f1xx_it.o
 .debug_info    0x000037ca      0x222 ./Core/Src/system_stm32f1xx.o
 .debug_info    0x000039ec      0x6f5 ./Core/Src/tm1637.o
 .debug_info    0x000040e1       0x30 ./Core/Startup/startup_stm32f103c8tx.o
 .debug_info    0x00004111      0x704 ./Drivers/STM32F1xx_HAL_Driver/Src/stm32f1xx_hal.o
 .debug_info    0x00004815      0xc50 ./Drivers/STM32F1xx_HAL_Driver/Src/stm32f1xx_hal_adc.o
 .debug_info    0x00005465      0xa87 ./Drivers/STM32F1xx_HAL_Driver/Src/stm32f1xx_hal_cortex.o
 .debug_info    0x00005eec      0x5ab ./Drivers/STM32F1xx_HAL_Driver/Src/stm32f1xx_hal_gpio.o
 .debug_info    0x00006497      0x7d5 ./Drivers/STM32F1xx_HAL_Driver/Src/stm32f1xx_hal_rcc.o
 .debug_info    0x00006c6c      0x3c0 ./Drivers/STM32F1xx_HAL_Driver/Src/stm32f1xx_hal_rcc_ex.o
 .debug_info    0x0000702c     0x2959 ./Drivers/STM32F1xx_HAL_Driver/Src/stm32f1xx_hal_tim.o
 .debug_info    0x00009985     0x149b ./Drivers/STM32F1xx_HAL_Driver/Src/stm32f1xx_hal_tim_ex.o
 .debug_info    0x0000ae20     0x2eed ./Drivers/STM32F1xx_HAL_Driver/Src/stm32f1xx_hal_uart.o

.debug_abbrev   0x00000000     0x2248
 .debug_abbrev  0x00000000      0x38a ./Core/Src/main.o
 .debug_abbrev  0x0000038a      0x1f4 ./Core/Src/stm32_tm1637.o
 .debug_abbrev  0x0000057e      0x254 ./Core/Src/stm32f1xx_hal_msp.o
 .debug_abbrev  0x000007d2      0x1bf ./Core/Src/stm32f1xx_it.o
 .debug_abbrev  0x00000991      0x13f ./Core/Src/system_stm32f1xx.o
 .debug_abbrev  0x00000ad0      0x240 ./Core/Src/tm1637.o
 .debug_abbrev  0x00000d10       0x24 ./Core/Startup/startup_stm32f103c8tx.o
 .debug_abbrev  0x00000d34      0x201 ./Drivers/STM32F1xx_HAL_Driver/Src/stm32f1xx_hal.o
 .debug_abbrev  0x00000f35      0x225 ./Drivers/STM32F1xx_HAL_Driver/Src/stm32f1xx_hal_adc.o
 .debug_abbrev  0x0000115a      0x2f8 ./Drivers/STM32F1xx_HAL_Driver/Src/stm32f1xx_hal_cortex.o
 .debug_abbrev  0x00001452      0x1ca ./Drivers/STM32F1xx_HAL_Driver/Src/stm32f1xx_hal_gpio.o
 .debug_abbrev  0x0000161c      0x2b3 ./Drivers/STM32F1xx_HAL_Driver/Src/stm32f1xx_hal_rcc.o
 .debug_abbrev  0x000018cf      0x188 ./Drivers/STM32F1xx_HAL_Driver/Src/stm32f1xx_hal_rcc_ex.o
 .debug_abbrev  0x00001a57      0x277 ./Drivers/STM32F1xx_HAL_Driver/Src/stm32f1xx_hal_tim.o
 .debug_abbrev  0x00001cce      0x282 ./Drivers/STM32F1xx_HAL_Driver/Src/stm32f1xx_hal_tim_ex.o
 .debug_abbrev  0x00001f50      0x2f8 ./Drivers/STM32F1xx_HAL_Driver/Src/stm32f1xx_hal_uart.o

.debug_aranges  0x00000000      0xe30
 .debug_aranges
                0x00000000       0xc0 ./Core/Src/main.o
 .debug_aranges
                0x000000c0       0x78 ./Core/Src/stm32_tm1637.o
 .debug_aranges
                0x00000138       0x78 ./Core/Src/stm32f1xx_hal_msp.o
 .debug_aranges
                0x000001b0       0x88 ./Core/Src/stm32f1xx_it.o
 .debug_aranges
                0x00000238       0x28 ./Core/Src/system_stm32f1xx.o
 .debug_aranges
                0x00000260       0x80 ./Core/Src/tm1637.o
 .debug_aranges
                0x000002e0       0x28 ./Core/Startup/startup_stm32f103c8tx.o
 .debug_aranges
                0x00000308       0xe0 ./Drivers/STM32F1xx_HAL_Driver/Src/stm32f1xx_hal.o
 .debug_aranges
                0x000003e8       0xf0 ./Drivers/STM32F1xx_HAL_Driver/Src/stm32f1xx_hal_adc.o
 .debug_aranges
                0x000004d8      0x100 ./Drivers/STM32F1xx_HAL_Driver/Src/stm32f1xx_hal_cortex.o
 .debug_aranges
                0x000005d8       0x58 ./Drivers/STM32F1xx_HAL_Driver/Src/stm32f1xx_hal_gpio.o
 .debug_aranges
                0x00000630       0x90 ./Drivers/STM32F1xx_HAL_Driver/Src/stm32f1xx_hal_rcc.o
 .debug_aranges
                0x000006c0       0x30 ./Drivers/STM32F1xx_HAL_Driver/Src/stm32f1xx_hal_rcc_ex.o
 .debug_aranges
                0x000006f0      0x3d0 ./Drivers/STM32F1xx_HAL_Driver/Src/stm32f1xx_hal_tim.o
 .debug_aranges
                0x00000ac0      0x168 ./Drivers/STM32F1xx_HAL_Driver/Src/stm32f1xx_hal_tim_ex.o
 .debug_aranges
                0x00000c28      0x208 ./Drivers/STM32F1xx_HAL_Driver/Src/stm32f1xx_hal_uart.o

.debug_rnglists
                0x00000000      0xb1b
 .debug_rnglists
                0x00000000       0x98 ./Core/Src/main.o
 .debug_rnglists
                0x00000098       0x57 ./Core/Src/stm32_tm1637.o
 .debug_rnglists
                0x000000ef       0x59 ./Core/Src/stm32f1xx_hal_msp.o
 .debug_rnglists
                0x00000148       0x61 ./Core/Src/stm32f1xx_it.o
 .debug_rnglists
                0x000001a9       0x1a ./Core/Src/system_stm32f1xx.o
 .debug_rnglists
                0x000001c3       0x5e ./Core/Src/tm1637.o
 .debug_rnglists
                0x00000221       0x19 ./Core/Startup/startup_stm32f103c8tx.o
 .debug_rnglists
                0x0000023a       0xa3 ./Drivers/STM32F1xx_HAL_Driver/Src/stm32f1xx_hal.o
 .debug_rnglists
                0x000002dd       0xbc ./Drivers/STM32F1xx_HAL_Driver/Src/stm32f1xx_hal_adc.o
 .debug_rnglists
                0x00000399       0xbb ./Drivers/STM32F1xx_HAL_Driver/Src/stm32f1xx_hal_cortex.o
 .debug_rnglists
                0x00000454       0x3f ./Drivers/STM32F1xx_HAL_Driver/Src/stm32f1xx_hal_gpio.o
 .debug_rnglists
                0x00000493       0x6c ./Drivers/STM32F1xx_HAL_Driver/Src/stm32f1xx_hal_rcc.o
 .debug_rnglists
                0x000004ff       0x21 ./Drivers/STM32F1xx_HAL_Driver/Src/stm32f1xx_hal_rcc_ex.o
 .debug_rnglists
                0x00000520      0x31a ./Drivers/STM32F1xx_HAL_Driver/Src/stm32f1xx_hal_tim.o
 .debug_rnglists
                0x0000083a      0x125 ./Drivers/STM32F1xx_HAL_Driver/Src/stm32f1xx_hal_tim_ex.o
 .debug_rnglists
                0x0000095f      0x1bc ./Drivers/STM32F1xx_HAL_Driver/Src/stm32f1xx_hal_uart.o

.debug_macro    0x00000000    0x18574
 .debug_macro   0x00000000      0x326 ./Core/Src/main.o
 .debug_macro   0x00000326      0xaa8 ./Core/Src/main.o
 .debug_macro   0x00000dce      0x221 ./Core/Src/main.o
 .debug_macro   0x00000fef       0x2e ./Core/Src/main.o
 .debug_macro   0x0000101d       0x22 ./Core/Src/main.o
 .debug_macro   0x0000103f       0x22 ./Core/Src/main.o
 .debug_macro   0x00001061       0x8e ./Core/Src/main.o
 .debug_macro   0x000010ef       0x51 ./Core/Src/main.o
 .debug_macro   0x00001140      0x103 ./Core/Src/main.o
 .debug_macro   0x00001243       0x6a ./Core/Src/main.o
 .debug_macro   0x000012ad      0x1df ./Core/Src/main.o
 .debug_macro   0x0000148c       0x1c ./Core/Src/main.o
 .debug_macro   0x000014a8       0x22 ./Core/Src/main.o
 .debug_macro   0x000014ca       0xbd ./Core/Src/main.o
 .debug_macro   0x00001587      0xd23 ./Core/Src/main.o
 .debug_macro   0x000022aa     0xe09e ./Core/Src/main.o
 .debug_macro   0x00010348       0x6d ./Core/Src/main.o
 .debug_macro   0x000103b5     0x34a2 ./Core/Src/main.o
 .debug_macro   0x00013857      0x189 ./Core/Src/main.o
 .debug_macro   0x000139e0       0x5c ./Core/Src/main.o
 .debug_macro   0x00013a3c      0x5bc ./Core/Src/main.o
 .debug_macro   0x00013ff8      0x289 ./Core/Src/main.o
 .debug_macro   0x00014281      0x1cb ./Core/Src/main.o
 .debug_macro   0x0001444c      0x114 ./Core/Src/main.o
 .debug_macro   0x00014560      0x1b2 ./Core/Src/main.o
 .debug_macro   0x00014712       0x27 ./Core/Src/main.o
 .debug_macro   0x00014739      0x136 ./Core/Src/main.o
 .debug_macro   0x0001486f      0x1bc ./Core/Src/main.o
 .debug_macro   0x00014a2b       0x34 ./Core/Src/main.o
 .debug_macro   0x00014a5f       0x3c ./Core/Src/main.o
 .debug_macro   0x00014a9b       0x57 ./Core/Src/main.o
 .debug_macro   0x00014af2      0x46a ./Core/Src/main.o
 .debug_macro   0x00014f5c      0x1b5 ./Core/Src/main.o
 .debug_macro   0x00015111       0x87 ./Core/Src/main.o
 .debug_macro   0x00015198      0x240 ./Core/Src/main.o
 .debug_macro   0x000153d8      0x140 ./Core/Src/main.o
 .debug_macro   0x00015518      0x8ed ./Core/Src/main.o
 .debug_macro   0x00015e05      0x28e ./Core/Src/main.o
 .debug_macro   0x00016093       0x83 ./Core/Src/main.o
 .debug_macro   0x00016116       0xdc ./Core/Src/main.o
 .debug_macro   0x000161f2       0x22 ./Core/Src/main.o
 .debug_macro   0x00016214       0x61 ./Core/Src/main.o
 .debug_macro   0x00016275       0x24 ./Core/Src/main.o
 .debug_macro   0x00016299       0x43 ./Core/Src/main.o
 .debug_macro   0x000162dc       0x34 ./Core/Src/main.o
 .debug_macro   0x00016310       0x16 ./Core/Src/main.o
 .debug_macro   0x00016326       0x35 ./Core/Src/main.o
 .debug_macro   0x0001635b      0x369 ./Core/Src/main.o
 .debug_macro   0x000166c4       0x10 ./Core/Src/main.o
 .debug_macro   0x000166d4       0x16 ./Core/Src/main.o
 .debug_macro   0x000166ea       0x43 ./Core/Src/main.o
 .debug_macro   0x0001672d       0x34 ./Core/Src/main.o
 .debug_macro   0x00016761       0x10 ./Core/Src/main.o
 .debug_macro   0x00016771       0x58 ./Core/Src/main.o
 .debug_macro   0x000167c9       0x8e ./Core/Src/main.o
 .debug_macro   0x00016857       0x1c ./Core/Src/main.o
 .debug_macro   0x00016873      0x177 ./Core/Src/main.o
 .debug_macro   0x000169ea       0x16 ./Core/Src/main.o
 .debug_macro   0x00016a00       0x16 ./Core/Src/main.o
 .debug_macro   0x00016a16      0x146 ./Core/Src/main.o
 .debug_macro   0x00016b5c       0x16 ./Core/Src/main.o
 .debug_macro   0x00016b72      0x1df ./Core/Src/stm32_tm1637.o
 .debug_macro   0x00016d51      0x1c6 ./Core/Src/stm32f1xx_hal_msp.o
 .debug_macro   0x00016f17      0x1d0 ./Core/Src/stm32f1xx_it.o
 .debug_macro   0x000170e7      0x1b7 ./Core/Src/system_stm32f1xx.o
 .debug_macro   0x0001729e      0x2a7 ./Core/Src/tm1637.o
 .debug_macro   0x00017545      0x1db ./Drivers/STM32F1xx_HAL_Driver/Src/stm32f1xx_hal.o
 .debug_macro   0x00017720      0x1d4 ./Drivers/STM32F1xx_HAL_Driver/Src/stm32f1xx_hal_adc.o
 .debug_macro   0x000178f4      0x1b7 ./Drivers/STM32F1xx_HAL_Driver/Src/stm32f1xx_hal_cortex.o
 .debug_macro   0x00017aab      0x222 ./Drivers/STM32F1xx_HAL_Driver/Src/stm32f1xx_hal_gpio.o
 .debug_macro   0x00017ccd      0x1c9 ./Drivers/STM32F1xx_HAL_Driver/Src/stm32f1xx_hal_rcc.o
 .debug_macro   0x00017e96      0x1b7 ./Drivers/STM32F1xx_HAL_Driver/Src/stm32f1xx_hal_rcc_ex.o
 .debug_macro   0x0001804d      0x1b8 ./Drivers/STM32F1xx_HAL_Driver/Src/stm32f1xx_hal_tim.o
 .debug_macro   0x00018205      0x1b7 ./Drivers/STM32F1xx_HAL_Driver/Src/stm32f1xx_hal_tim_ex.o
 .debug_macro   0x000183bc      0x1b8 ./Drivers/STM32F1xx_HAL_Driver/Src/stm32f1xx_hal_uart.o

.debug_line     0x00000000     0xfc1d
 .debug_line    0x00000000      0xf21 ./Core/Src/main.o
 .debug_line    0x00000f21      0x92b ./Core/Src/stm32_tm1637.o
 .debug_line    0x0000184c      0x91e ./Core/Src/stm32f1xx_hal_msp.o
 .debug_line    0x0000216a      0x874 ./Core/Src/stm32f1xx_it.o
 .debug_line    0x000029de      0x7b4 ./Core/Src/system_stm32f1xx.o
 .debug_line    0x00003192      0xb82 ./Core/Src/tm1637.o
 .debug_line    0x00003d14       0x78 ./Core/Startup/startup_stm32f103c8tx.o
 .debug_line    0x00003d8c      0x9e1 ./Drivers/STM32F1xx_HAL_Driver/Src/stm32f1xx_hal.o
 .debug_line    0x0000476d     0x105e ./Drivers/STM32F1xx_HAL_Driver/Src/stm32f1xx_hal_adc.o
 .debug_line    0x000057cb      0xbcd ./Drivers/STM32F1xx_HAL_Driver/Src/stm32f1xx_hal_cortex.o
 .debug_line    0x00006398      0xa7a ./Drivers/STM32F1xx_HAL_Driver/Src/stm32f1xx_hal_gpio.o
 .debug_line    0x00006e12      0xdea ./Drivers/STM32F1xx_HAL_Driver/Src/stm32f1xx_hal_rcc.o
 .debug_line    0x00007bfc      0x92b ./Drivers/STM32F1xx_HAL_Driver/Src/stm32f1xx_hal_rcc_ex.o
 .debug_line    0x00008527     0x3506 ./Drivers/STM32F1xx_HAL_Driver/Src/stm32f1xx_hal_tim.o
 .debug_line    0x0000ba2d     0x1930 ./Drivers/STM32F1xx_HAL_Driver/Src/stm32f1xx_hal_tim_ex.o
 .debug_line    0x0000d35d     0x28c0 ./Drivers/STM32F1xx_HAL_Driver/Src/stm32f1xx_hal_uart.o

.debug_str      0x00000000    0x8f75d
 .debug_str     0x00000000    0x8cbc8 ./Core/Src/main.o
                              0x8d0e9 (size before relaxing)
 .debug_str     0x0008cbc8      0x125 ./Core/Src/stm32_tm1637.o
                              0x882bf (size before relaxing)
 .debug_str     0x0008cced      0x17c ./Core/Src/stm32f1xx_hal_msp.o
                              0x8913d (size before relaxing)
 .debug_str     0x0008ce69      0x14d ./Core/Src/stm32f1xx_it.o
                              0x88a26 (size before relaxing)
 .debug_str     0x0008cfb6       0x7e ./Core/Src/system_stm32f1xx.o
                              0x88110 (size before relaxing)
 .debug_str     0x0008d034      0x137 ./Core/Src/tm1637.o
                              0x8ba08 (size before relaxing)
 .debug_str     0x0008d16b       0x44 ./Core/Startup/startup_stm32f103c8tx.o
                                 0x7a (size before relaxing)
 .debug_str     0x0008d1af      0x378 ./Drivers/STM32F1xx_HAL_Driver/Src/stm32f1xx_hal.o
                              0x88843 (size before relaxing)
 .debug_str     0x0008d527      0x362 ./Drivers/STM32F1xx_HAL_Driver/Src/stm32f1xx_hal_adc.o
                              0x887f4 (size before relaxing)
 .debug_str     0x0008d889      0x294 ./Drivers/STM32F1xx_HAL_Driver/Src/stm32f1xx_hal_cortex.o
                              0x8878f (size before relaxing)
 .debug_str     0x0008db1d      0x29c ./Drivers/STM32F1xx_HAL_Driver/Src/stm32f1xx_hal_gpio.o
                              0x88496 (size before relaxing)
 .debug_str     0x0008ddb9      0x229 ./Drivers/STM32F1xx_HAL_Driver/Src/stm32f1xx_hal_rcc.o
                              0x8853f (size before relaxing)
 .debug_str     0x0008dfe2       0x84 ./Drivers/STM32F1xx_HAL_Driver/Src/stm32f1xx_hal_rcc_ex.o
                              0x8828f (size before relaxing)
 .debug_str     0x0008e066      0xc3c ./Drivers/STM32F1xx_HAL_Driver/Src/stm32f1xx_hal_tim.o
                              0x89541 (size before relaxing)
 .debug_str     0x0008eca2      0x493 ./Drivers/STM32F1xx_HAL_Driver/Src/stm32f1xx_hal_tim_ex.o
                              0x88d4d (size before relaxing)
 .debug_str     0x0008f135      0x628 ./Drivers/STM32F1xx_HAL_Driver/Src/stm32f1xx_hal_uart.o
                              0x88bb0 (size before relaxing)

.comment        0x00000000       0x43
 .comment       0x00000000       0x43 ./Core/Src/main.o
                                 0x44 (size before relaxing)
 .comment       0x00000043       0x44 ./Core/Src/stm32_tm1637.o
 .comment       0x00000043       0x44 ./Core/Src/stm32f1xx_hal_msp.o
 .comment       0x00000043       0x44 ./Core/Src/stm32f1xx_it.o
 .comment       0x00000043       0x44 ./Core/Src/system_stm32f1xx.o
 .comment       0x00000043       0x44 ./Core/Src/tm1637.o
 .comment       0x00000043       0x44 ./Drivers/STM32F1xx_HAL_Driver/Src/stm32f1xx_hal.o
 .comment       0x00000043       0x44 ./Drivers/STM32F1xx_HAL_Driver/Src/stm32f1xx_hal_adc.o
 .comment       0x00000043       0x44 ./Drivers/STM32F1xx_HAL_Driver/Src/stm32f1xx_hal_cortex.o
 .comment       0x00000043       0x44 ./Drivers/STM32F1xx_HAL_Driver/Src/stm32f1xx_hal_gpio.o
 .comment       0x00000043       0x44 ./Drivers/STM32F1xx_HAL_Driver/Src/stm32f1xx_hal_rcc.o
 .comment       0x00000043       0x44 ./Drivers/STM32F1xx_HAL_Driver/Src/stm32f1xx_hal_rcc_ex.o
 .comment       0x00000043       0x44 ./Drivers/STM32F1xx_HAL_Driver/Src/stm32f1xx_hal_tim.o
 .comment       0x00000043       0x44 ./Drivers/STM32F1xx_HAL_Driver/Src/stm32f1xx_hal_tim_ex.o
 .comment       0x00000043       0x44 ./Drivers/STM32F1xx_HAL_Driver/Src/stm32f1xx_hal_uart.o

.debug_frame    0x00000000     0x3d70
 .debug_frame   0x00000000      0x2f4 ./Core/Src/main.o
 .debug_frame   0x000002f4      0x18c ./Core/Src/stm32_tm1637.o
 .debug_frame   0x00000480      0x1cc ./Core/Src/stm32f1xx_hal_msp.o
 .debug_frame   0x0000064c      0x190 ./Core/Src/stm32f1xx_it.o
 .debug_frame   0x000007dc       0x58 ./Core/Src/system_stm32f1xx.o
 .debug_frame   0x00000834      0x1f4 ./Core/Src/tm1637.o
 .debug_frame   0x00000a28      0x334 ./Drivers/STM32F1xx_HAL_Driver/Src/stm32f1xx_hal.o
 .debug_frame   0x00000d5c      0x40c ./Drivers/STM32F1xx_HAL_Driver/Src/stm32f1xx_hal_adc.o
 .debug_frame   0x00001168      0x428 ./Drivers/STM32F1xx_HAL_Driver/Src/stm32f1xx_hal_cortex.o
 .debug_frame   0x00001590      0x14c ./Drivers/STM32F1xx_HAL_Driver/Src/stm32f1xx_hal_gpio.o
 .debug_frame   0x000016dc      0x218 ./Drivers/STM32F1xx_HAL_Driver/Src/stm32f1xx_hal_rcc.o
 .debug_frame   0x000018f4       0x80 ./Drivers/STM32F1xx_HAL_Driver/Src/stm32f1xx_hal_rcc_ex.o
 .debug_frame   0x00001974     0x11b8 ./Drivers/STM32F1xx_HAL_Driver/Src/stm32f1xx_hal_tim.o
 .debug_frame   0x00002b2c      0x638 ./Drivers/STM32F1xx_HAL_Driver/Src/stm32f1xx_hal_tim_ex.o
 .debug_frame   0x00003164      0x944 ./Drivers/STM32F1xx_HAL_Driver/Src/stm32f1xx_hal_uart.o
 .debug_frame   0x00003aa8       0x20 C:/ST/STM32CubeIDE_1.16.1/STM32CubeIDE/plugins/com.st.stm32cube.ide.mcu.externaltools.gnu-tools-for-stm32.12.3.rel1.win32_1.0.200.202406191623/tools/bin/../lib/gcc/arm-none-eabi/12.3.1/../../../../arm-none-eabi/lib/thumb/v7-m/nofp\libc_nano.a(libc_a-memset.o)
 .debug_frame   0x00003ac8       0x2c C:/ST/STM32CubeIDE_1.16.1/STM32CubeIDE/plugins/com.st.stm32cube.ide.mcu.externaltools.gnu-tools-for-stm32.12.3.rel1.win32_1.0.200.202406191623/tools/bin/../lib/gcc/arm-none-eabi/12.3.1/../../../../arm-none-eabi/lib/thumb/v7-m/nofp\libc_nano.a(libc_a-init.o)
 .debug_frame   0x00003af4       0xac C:/ST/STM32CubeIDE_1.16.1/STM32CubeIDE/plugins/com.st.stm32cube.ide.mcu.externaltools.gnu-tools-for-stm32.12.3.rel1.win32_1.0.200.202406191623/tools/bin/../lib/gcc/arm-none-eabi/12.3.1/thumb/v7-m/nofp\libgcc.a(_arm_addsubdf3.o)
 .debug_frame   0x00003ba0       0x50 C:/ST/STM32CubeIDE_1.16.1/STM32CubeIDE/plugins/com.st.stm32cube.ide.mcu.externaltools.gnu-tools-for-stm32.12.3.rel1.win32_1.0.200.202406191623/tools/bin/../lib/gcc/arm-none-eabi/12.3.1/thumb/v7-m/nofp\libgcc.a(_arm_muldivdf3.o)
 .debug_frame   0x00003bf0       0x24 C:/ST/STM32CubeIDE_1.16.1/STM32CubeIDE/plugins/com.st.stm32cube.ide.mcu.externaltools.gnu-tools-for-stm32.12.3.rel1.win32_1.0.200.202406191623/tools/bin/../lib/gcc/arm-none-eabi/12.3.1/thumb/v7-m/nofp\libgcc.a(_arm_fixdfsi.o)
 .debug_frame   0x00003c14       0x24 C:/ST/STM32CubeIDE_1.16.1/STM32CubeIDE/plugins/com.st.stm32cube.ide.mcu.externaltools.gnu-tools-for-stm32.12.3.rel1.win32_1.0.200.202406191623/tools/bin/../lib/gcc/arm-none-eabi/12.3.1/thumb/v7-m/nofp\libgcc.a(_arm_truncdfsf2.o)
 .debug_frame   0x00003c38       0x4c C:/ST/STM32CubeIDE_1.16.1/STM32CubeIDE/plugins/com.st.stm32cube.ide.mcu.externaltools.gnu-tools-for-stm32.12.3.rel1.win32_1.0.200.202406191623/tools/bin/../lib/gcc/arm-none-eabi/12.3.1/thumb/v7-m/nofp\libgcc.a(_arm_addsubsf3.o)
 .debug_frame   0x00003c84       0xc8 C:/ST/STM32CubeIDE_1.16.1/STM32CubeIDE/plugins/com.st.stm32cube.ide.mcu.externaltools.gnu-tools-for-stm32.12.3.rel1.win32_1.0.200.202406191623/tools/bin/../lib/gcc/arm-none-eabi/12.3.1/thumb/v7-m/nofp\libgcc.a(_arm_cmpsf2.o)
 .debug_frame   0x00003d4c       0x24 C:/ST/STM32CubeIDE_1.16.1/STM32CubeIDE/plugins/com.st.stm32cube.ide.mcu.externaltools.gnu-tools-for-stm32.12.3.rel1.win32_1.0.200.202406191623/tools/bin/../lib/gcc/arm-none-eabi/12.3.1/thumb/v7-m/nofp\libgcc.a(_arm_fixunssfsi.o)

.debug_line_str
                0x00000000       0x5e
 .debug_line_str
                0x00000000       0x5e ./Core/Startup/startup_stm32f103c8tx.o
