../Core/Src/main.c:147:5:main	16	static
../Core/Src/main.c:283:6:SystemClock_Config	88	static
../Core/Src/main.c:330:13:MX_ADC1_Init	24	static
../Core/Src/main.c:377:13:MX_ADC2_Init	24	static
../Core/Src/main.c:424:13:MX_TIM1_Init	56	static
../Core/Src/main.c:474:13:MX_TIM2_Init	48	static
../Core/Src/main.c:523:13:MX_TIM3_Init	32	static
../Core/Src/main.c:568:13:MX_TIM4_Init	48	static
../Core/Src/main.c:617:13:MX_USART2_UART_Init	8	static
../Core/Src/main.c:650:13:MX_GPIO_Init	40	static
../Core/Src/main.c:721:6:slowStartup	24	static
../Core/Src/main.c:732:6:setSpeed	16	static
../Core/Src/main.c:747:5:measureSpeed	32	static
../Core/Src/main.c:766:6:displaySpeed	32	static
../Core/Src/main.c:771:5:adjustSpeedDisplay	16	static
../Core/Src/main.c:794:6:slowStart	32	static
../Core/Src/main.c:806:6:retract	24	static
../Core/Src/main.c:822:6:HAL_GPIO_EXTI_Callback	16	static
../Core/Src/main.c:856:6:checkLoadHigh	4	static
../Core/Src/main.c:863:6:resetStatusButton	4	static
../Core/Src/main.c:876:6:Error_Handler	4	static,ignoring_inline_asm
